// Jest Snapshot v1, https://goo.gl/fbAQLP

exports[`renders without crashing 1`] = `
<Provider
  store={
    Object {
      "dispatch": [Function],
      "getState": [Function],
      "replaceReducer": [Function],
      "subscribe": [Function],
      Symbol(observable): [Function],
    }
  }
>
  <app>
    <div
      className="app"
    >
      <Counter>
        <div>
          <div>
            Base component
          </div>
          <button
            onClick={[Function]}
            type="button"
          >
            Click me!
          </button>
          <div>
            You clicked: 
            <strong>
              0
            </strong>
             times.
          </div>
        </div>
      </Counter>
    </div>
  </app>
</Provider>
`;
